  fig2c Al ITO  30  eta_ext series 0.8042 closed 0.8429
  fig2c Al ITO  40  eta_ext series 0.7939 closed 0.8414
  fig2c Al ITO  50  eta_ext series 0.7820 closed 0.8396
  fig2c Al ITO  60  eta_ext series 0.7696 closed 0.8376
  fig2c Al ITO  70  eta_ext series 0.7594 closed 0.8355
  fig2c Al ITO  80  eta_ext series 0.7588 closed 0.8342
  fig2c Al ITO  90  eta_ext series 0.7800 closed 0.8357
  fig2c Al ITO 100  eta_ext series 0.8002 closed 0.8365
  fig2c Al ITO 110  eta_ext series 0.8112 closed 0.8358
  fig2c Al ITO 120  eta_ext series 0.8162 closed 0.8344
  fig2c Al ITO 130  eta_ext series 0.8181 closed 0.8328
  fig2c Al ITO 140  eta_ext series 0.8182 closed 0.8312
  fig2c Al ITO 150  eta_ext series 0.8170 closed 0.8299
  fig2c Al ITO 160  eta_ext series 0.8144 closed 0.8286
  fig2c Al ITO 170  eta_ext series 0.8104 closed 0.8273
  fig2c Al ITO 180  eta_ext series 0.8049 closed 0.8259
  fig2c Al ITO 190  eta_ext series 0.7977 closed 0.8243
  fig2c Al ITO 200  eta_ext series 0.7888 closed 0.8223
  fig2c Ag ITO  30  eta_ext series 0.9451 closed 0.9690
  fig2c Ag ITO  40  eta_ext series 0.9312 closed 0.9667
  fig2c Ag ITO  50  eta_ext series 0.9113 closed 0.9644
  fig2c Ag ITO  60  eta_ext series 0.8946 closed 0.9625
  fig2c Ag ITO  70  eta_ext series 0.9331 closed 0.9627
  fig2c Ag ITO  80  eta_ext series 0.9479 closed 0.9617
  fig2c Ag ITO  90  eta_ext series 0.9529 closed 0.9600
  fig2c Ag ITO 100  eta_ext series 0.9538 closed 0.9579
  fig2c Ag ITO 110  eta_ext series 0.9527 closed 0.9555
  fig2c Ag ITO 120  eta_ext series 0.9507 closed 0.9529
  fig2c Ag ITO 130  eta_ext series 0.9482 closed 0.9504
  fig2c Ag ITO 140  eta_ext series 0.9452 closed 0.9480
  fig2c Ag ITO 150  eta_ext series 0.9418 closed 0.9456
  fig2c Ag ITO 160  eta_ext series 0.9377 closed 0.9433
  fig2c Ag ITO 170  eta_ext series 0.9328 closed 0.9409
  fig2c Ag ITO 180  eta_ext series 0.9267 closed 0.9385
  fig2c Ag ITO 190  eta_ext series 0.9194 closed 0.9360
  fig2c Ag ITO 200  eta_ext series 0.9106 closed 0.9333
  wrote fig2c_series.csv 36 rows
  fig2def Al n 1.30  p 0.5792  eta_ext series 0.9163 closed 0.9152  EQE series 0.2424 closed 0.2421
  fig2def Al n 1.35  p 0.5347  eta_ext series 0.8965 closed 0.8994  EQE series 0.2551 closed 0.2559
  fig2def Al n 1.40  p 0.4950  eta_ext series 0.8562 closed 0.8802  EQE series 0.2712 closed 0.2788
  fig2def Al n 1.45  p 0.4595  eta_ext series 0.7826 closed 0.8551  EQE series 0.2909 closed 0.3178
  fig2def Al n 1.50  p 0.4274  eta_ext series 0.7820 closed 0.8396  EQE series 0.3104 closed 0.3333
  fig2def Al n 1.55  p 0.3985  eta_ext series 0.7775 closed 0.8253  EQE series 0.3308 closed 0.3512
  fig2def Al n 1.60  p 0.3722  eta_ext series 0.6797 closed 0.8039  EQE series 0.3686 closed 0.4360
  fig2def Al n 1.65  p 0.3483  eta_ext series 0.7010 closed 0.7901  EQE series 0.4172 closed 0.4703
  fig2def Al n 1.70  p 0.3266  eta_ext series 0.7102 closed 0.7755  EQE series 0.4591 closed 0.5013
  fig2def Al n 1.75  p 0.3067  eta_ext series 0.6893 closed 0.7533  EQE series 0.5017 closed 0.5483
  fig2def Al n 1.80  p 0.2884  eta_ext series 0.6595 closed 0.7303  EQE series 0.5550 closed 0.6145
  fig2def Al n 1.85  p 0.2717  eta_ext series 0.6935 closed 0.7189  EQE series 0.5864 closed 0.6078
  fig2def Al n 1.90  p 0.2563  eta_ext series 0.7057 closed 0.7067  EQE series 0.6007 closed 0.6016
  fig2def Al n 1.95  p 0.2421  eta_ext series 0.7134 closed 0.7014  EQE series 0.6084 closed 0.5982
  fig2def Al n 2.00  p 0.2289  eta_ext series 0.7134 closed 0.6969  EQE series 0.6085 closed 0.5944
  fig2def Ag n 1.30  p 0.5792  eta_ext series 0.9814 closed 0.9824  EQE series 0.3077 closed 0.3081
  fig2def Ag n 1.35  p 0.5347  eta_ext series 0.9798 closed 0.9794  EQE series 0.3236 closed 0.3235
  fig2def Ag n 1.40  p 0.4950  eta_ext series 0.9748 closed 0.9760  EQE series 0.3449 closed 0.3453
  fig2def Ag n 1.45  p 0.4595  eta_ext series 0.9572 closed 0.9712  EQE series 0.3799 closed 0.3854
  fig2def Ag n 1.50  p 0.4274  eta_ext series 0.9113 closed 0.9644  EQE series 0.4320 closed 0.4572
  fig2def Ag n 1.55  p 0.3985  eta_ext series 0.9320 closed 0.9609  EQE series 0.4642 closed 0.4786
  fig2def Ag n 1.60  p 0.3722  eta_ext series 0.8897 closed 0.9540  EQE series 0.5204 closed 0.5580
  fig2def Ag n 1.65  p 0.3483  eta_ext series 0.9026 closed 0.9495  EQE series 0.5996 closed 0.6308
  fig2def Ag n 1.70  p 0.3266  eta_ext series 0.9211 closed 0.9466  EQE series 0.6621 closed 0.6804
  fig2def Ag n 1.75  p 0.3067  eta_ext series 0.9170 closed 0.9422  EQE series 0.7449 closed 0.7654
  fig2def Ag n 1.80  p 0.2884  eta_ext series 0.8755 closed 0.9290  EQE series 0.8372 closed 0.8883
  fig2def Ag n 1.85  p 0.2717  eta_ext series 0.9069 closed 0.9261  EQE series 0.8698 closed 0.8883
  fig2def Ag n 1.90  p 0.2563  eta_ext series 0.9185 closed 0.9235  EQE series 0.8817 closed 0.8865
  fig2def Ag n 1.95  p 0.2421  eta_ext series 0.9231 closed 0.9210  EQE series 0.8863 closed 0.8844
  fig2def Ag n 2.00  p 0.2289  eta_ext series 0.9235 closed 0.9186  EQE series 0.8870 closed 0.8822
  wrote fig2def_series.csv 30 rows
  fig3a k_ITO 0.0000  EQE series 0.9140 closed 0.9280
  fig3a k_ITO 0.0050  EQE series 0.8106 closed 0.8683
  fig3a k_ITO 0.0100  EQE series 0.7543 closed 0.8175
  fig3a k_ITO 0.0150  EQE series 0.7116 closed 0.7735
  fig3a k_ITO 0.0200  EQE series 0.6764 closed 0.7351
  fig3a k_ITO 0.0250  EQE series 0.6460 closed 0.7010
  fig3a k_ITO 0.0300  EQE series 0.6192 closed 0.6706
  fig3a k_ITO 0.0350  EQE series 0.5953 closed 0.6432
  fig3a k_ITO 0.0400  EQE series 0.5736 closed 0.6183
  fig3a k_ITO 0.0450  EQE series 0.5538 closed 0.5956
  fig3a k_ITO 0.0500  EQE series 0.5356 closed 0.5748
  fig3a k_ITO 0.0550  EQE series 0.5188 closed 0.5556
  fig3a k_ITO 0.0600  EQE series 0.5032 closed 0.5379
  fig3a k_ITO 0.0650  EQE series 0.4887 closed 0.5214
  fig3a k_ITO 0.0700  EQE series 0.4751 closed 0.5061
  fig3a k_ITO 0.0750  EQE series 0.4624 closed 0.4917
  fig3a k_ITO 0.0800  EQE series 0.4505 closed 0.4783
  fig3a n_Ag 0.000  EQE series 0.8881 closed 0.8961
  fig3a n_Ag 0.025  EQE series 0.8209 closed 0.8397
  fig3a n_Ag 0.050  EQE series 0.7641 closed 0.7902
  fig3a n_Ag 0.075  EQE series 0.7154 closed 0.7463
  fig3a n_Ag 0.100  EQE series 0.6732 closed 0.7071
  fig3a n_Ag 0.125  EQE series 0.6362 closed 0.6720
  fig3a n_Ag 0.150  EQE series 0.6034 closed 0.6403
  fig3a n_Ag 0.175  EQE series 0.5743 closed 0.6116
  fig3a n_Ag 0.200  EQE series 0.5481 closed 0.5855
  fig3a n_Ag 0.225  EQE series 0.5245 closed 0.5616
  fig3a n_Ag 0.250  EQE series 0.5031 closed 0.5396
  fig3a n_Ag 0.275  EQE series 0.4836 closed 0.5194
  fig3a n_Ag 0.300  EQE series 0.4657 closed 0.5007
  fig3a n_Ag 0.325  EQE series 0.4492 closed 0.4834
  fig3a n_Ag 0.350  EQE series 0.4341 closed 0.4673
  fig3a n_Ag 0.375  EQE series 0.4200 closed 0.4524
  fig3a n_Ag 0.400  EQE series 0.4069 closed 0.4384
  fig3a n_Ag 0.425  EQE series 0.3947 closed 0.4253
  fig3a n_Ag 0.450  EQE series 0.3833 closed 0.4130
  fig3a n_Ag 0.475  EQE series 0.3727 closed 0.4014
  fig3a n_Ag 0.500  EQE series 0.3627 closed 0.3906
  wrote fig3a_series.csv 38 rows
  fig5c reference Theta 0.50  EQE series 0.3134 closed 0.3541
  fig5c reference Theta 0.55  EQE series 0.3394 closed 0.3836
  fig5c reference Theta 0.60  EQE series 0.3648 closed 0.4124
  fig5c reference Theta 0.65  EQE series 0.3895 closed 0.4405
  fig5c reference Theta 0.70  EQE series 0.4137 closed 0.4680
  fig5c reference Theta 0.75  EQE series 0.4373 closed 0.4948
  fig5c reference Theta 0.80  EQE series 0.4603 closed 0.5210
  fig5c reference Theta 0.85  EQE series 0.4829 closed 0.5466
  fig5c reference Theta 0.90  EQE series 0.5049 closed 0.5716
  fig5c reference Theta 0.95  EQE series 0.5264 closed 0.5961
  fig5c reference Theta 1.00  EQE series 0.5475 closed 0.6200
  fig5c proposed Theta 0.50  EQE series 0.8310 closed 0.8790
  fig5c proposed Theta 0.55  EQE series 0.8328 closed 0.8818
  fig5c proposed Theta 0.60  EQE series 0.8347 closed 0.8846
  fig5c proposed Theta 0.65  EQE series 0.8365 closed 0.8874
  fig5c proposed Theta 0.70  EQE series 0.8384 closed 0.8902
  fig5c proposed Theta 0.75  EQE series 0.8403 closed 0.8930
  fig5c proposed Theta 0.80  EQE series 0.8421 closed 0.8958
  fig5c proposed Theta 0.85  EQE series 0.8440 closed 0.8986
  fig5c proposed Theta 0.90  EQE series 0.8459 closed 0.9015
  fig5c proposed Theta 0.95  EQE series 0.8477 closed 0.9043
  fig5c proposed Theta 1.00  EQE series 0.8496 closed 0.9072
  wrote fig5c_series.csv 22 rows
  table1 ETL 200 k 0.0032 Theta 0.67  EQE series 0.8784 closed 0.8979
  table1 ETL 200 k 0.0032 Theta 0.80  EQE series 0.8817 closed 0.9050
  table1 ETL 200 k 0.0032 Theta 0.90  EQE series 0.8840 closed 0.9100
  table1 ETL 200 k 0.0020 Theta 0.67  EQE series 0.8972 closed 0.9114
  table1 ETL 200 k 0.0020 Theta 0.80  EQE series 0.9015 closed 0.9187
  table1 ETL 200 k 0.0020 Theta 0.90  EQE series 0.9046 closed 0.9238
  table1 ETL 300 k 0.0032 Theta 0.67  EQE series 0.8898 closed 0.9152
  table1 ETL 300 k 0.0032 Theta 0.80  EQE series 0.8860 closed 0.9159
  table1 ETL 300 k 0.0032 Theta 0.90  EQE series 0.8832 closed 0.9163
  table1 ETL 300 k 0.0020 Theta 0.67  EQE series 0.9117 closed 0.9294
  table1 ETL 300 k 0.0020 Theta 0.80  EQE series 0.9091 closed 0.9302
  table1 ETL 300 k 0.0020 Theta 0.90  EQE series 0.9073 closed 0.9307
  wrote table1_series.csv 12 rows
done in 23 s
done
