full_530_580 d_ETL 200 k 0.0032 Theta 0.667 | eta_sub 1.1478 spp -0.1314 wg 0.0009 abs -0.0173 | eta_ext 0.8949 EQE 1.0272
full_530_580 d_ETL 200 k 0.0032 Theta 0.800 | eta_sub 1.1333 spp -0.1273 wg 0.0010 abs -0.0070 | eta_ext 0.8880 EQE 1.0064
full_530_580 d_ETL 200 k 0.0032 Theta 0.900 | eta_sub 1.1234 spp -0.1245 wg 0.0011 abs 0.0000 | eta_ext 0.8829 EQE 0.9918
full_530_580 d_ETL 200 k 0.0020 Theta 0.667 | eta_sub 1.1538 spp -0.1340 wg 0.0006 abs -0.0204 | eta_ext 0.9126 EQE 1.0530
full_530_580 d_ETL 200 k 0.0020 Theta 0.800 | eta_sub 1.1396 spp -0.1301 wg 0.0006 abs -0.0101 | eta_ext 0.9070 EQE 1.0336
full_530_580 d_ETL 200 k 0.0020 Theta 0.900 | eta_sub 1.1298 spp -0.1275 wg 0.0007 abs -0.0030 | eta_ext 0.9029 EQE 1.0200
full_530_580 d_ETL 300 k 0.0032 Theta 0.667 | eta_sub 1.1531 spp -0.1329 wg 0.0015 abs -0.0216 | eta_ext 0.8904 EQE 1.0267
full_530_580 d_ETL 300 k 0.0032 Theta 0.800 | eta_sub 1.1474 spp -0.1416 wg 0.0017 abs -0.0075 | eta_ext 0.8834 EQE 1.0136
full_530_580 d_ETL 300 k 0.0032 Theta 0.900 | eta_sub 1.1433 spp -0.1478 wg 0.0019 abs 0.0026 | eta_ext 0.8782 EQE 1.0040
full_530_580 d_ETL 300 k 0.0020 Theta 0.667 | eta_sub 1.1603 spp -0.1361 wg 0.0009 abs -0.0252 | eta_ext 0.9094 EQE 1.0552
full_530_580 d_ETL 300 k 0.0020 Theta 0.800 | eta_sub 1.1552 spp -0.1451 wg 0.0011 abs -0.0112 | eta_ext 0.9035 EQE 1.0437
full_530_580 d_ETL 300 k 0.0020 Theta 0.900 | eta_sub 1.1515 spp -0.1516 wg 0.0012 abs -0.0011 | eta_ext 0.8992 EQE 1.0354
single_550 d_ETL 200 k 0.0032 Theta 0.667 | eta_sub 1.1558 spp -0.1458 wg 0.0006 abs -0.0106 | eta_ext 0.8958 EQE 1.0353
single_550 d_ETL 200 k 0.0032 Theta 0.800 | eta_sub 1.1420 spp -0.1401 wg 0.0007 abs -0.0026 | eta_ext 0.8889 EQE 1.0151
single_550 d_ETL 200 k 0.0032 Theta 0.900 | eta_sub 1.1325 spp -0.1362 wg 0.0008 abs 0.0029 | eta_ext 0.8838 EQE 1.0009
single_550 d_ETL 200 k 0.0020 Theta 0.667 | eta_sub 1.1619 spp -0.1486 wg 0.0004 abs -0.0137 | eta_ext 0.9137 EQE 1.0616
single_550 d_ETL 200 k 0.0020 Theta 0.800 | eta_sub 1.1484 spp -0.1431 wg 0.0005 abs -0.0057 | eta_ext 0.9081 EQE 1.0428
single_550 d_ETL 200 k 0.0020 Theta 0.900 | eta_sub 1.1390 spp -0.1394 wg 0.0005 abs -0.0002 | eta_ext 0.9040 EQE 1.0297
single_550 d_ETL 300 k 0.0032 Theta 0.667 | eta_sub 1.1635 spp -0.1436 wg 0.0010 abs -0.0209 | eta_ext 0.8907 EQE 1.0363
single_550 d_ETL 300 k 0.0032 Theta 0.800 | eta_sub 1.1585 spp -0.1527 wg 0.0012 abs -0.0070 | eta_ext 0.8837 EQE 1.0238
single_550 d_ETL 300 k 0.0032 Theta 0.900 | eta_sub 1.1548 spp -0.1592 wg 0.0013 abs 0.0031 | eta_ext 0.8785 EQE 1.0146
single_550 d_ETL 300 k 0.0020 Theta 0.667 | eta_sub 1.1707 spp -0.1468 wg 0.0006 abs -0.0245 | eta_ext 0.9097 EQE 1.0650
single_550 d_ETL 300 k 0.0020 Theta 0.800 | eta_sub 1.1661 spp -0.1562 wg 0.0008 abs -0.0107 | eta_ext 0.9039 EQE 1.0541
single_550 d_ETL 300 k 0.0020 Theta 0.900 | eta_sub 1.1628 spp -0.1630 wg 0.0008 abs -0.0006 | eta_ext 0.8996 EQE 1.0461
table1_author_model.csv written
